../Core/Src/main.c:167:5:main	8	static
../Core/Src/main.c:276:6:SystemClock_Config	88	static
../Core/Src/main.c:318:13:MX_ADC1_Init	24	static
../Core/Src/main.c:379:13:MX_TIM2_Init	64	static
../Core/Src/main.c:440:13:MX_DMA_Init	16	static
../Core/Src/main.c:458:13:MX_GPIO_Init	40	static
../Core/Src/main.c:480:6:HAL_ADC_ConvCpltCallback	16	static
../Core/Src/main.c:485:6:write	4	static
../Core/Src/main.c:492:6:read	4	static
../Core/Src/main.c:505:6:StartDefaultTask	16	static
../Core/Src/main.c:523:6:StartCheckButton	16	static
../Core/Src/main.c:548:6:StartEmergencyStop	16	static
../Core/Src/main.c:571:6:StartReceiveJetson	16	static
../Core/Src/main.c:637:6:StartTransmitJetson	16	static
../Core/Src/main.c:702:6:StartGripper	16	static
../Core/Src/main.c:742:6:StartArt	16	static
../Core/Src/main.c:774:6:StartADCGripper	16	static
../Core/Src/main.c:794:6:StartADCArt	16	static
../Core/Src/main.c:813:6:StartADC_ConversionComplete	16	static
../Core/Src/main.c:834:6:HAL_TIM_PeriodElapsedCallback	16	static
../Core/Src/main.c:851:6:Error_Handler	4	static,ignoring_inline_asm
