../Core/Src/main.c:133:5:main	8	static
../Core/Src/main.c:232:6:SystemClock_Config	88	static
../Core/Src/main.c:274:13:MX_ADC1_Init	24	static
../Core/Src/main.c:335:13:MX_TIM2_Init	64	static
../Core/Src/main.c:396:13:MX_DMA_Init	16	static
../Core/Src/main.c:414:13:MX_GPIO_Init	40	static
../Core/Src/main.c:437:6:HAL_ADC_ConvCpltCallback	16	static
../Core/Src/main.c:452:6:StartDefaultTask	16	static
../Core/Src/main.c:470:6:StartTaskADCGripper	16	static
../Core/Src/main.c:490:6:StartTaskADCArt	16	static
../Core/Src/main.c:510:6:StartTaskADC_ConversionComplete	16	static
../Core/Src/main.c:530:6:StartGripper	16	static
../Core/Src/main.c:550:6:StartArt	16	static
../Core/Src/main.c:571:6:StartTaskButton	16	static
../Core/Src/main.c:596:6:HAL_TIM_PeriodElapsedCallback	16	static
../Core/Src/main.c:613:6:Error_Handler	4	static,ignoring_inline_asm
