../Core/Src/lcd.c:225:13:delay_us	8	static,ignoring_inline_asm
../Core/Src/lcd.c:179:13:lcd_send	16	static
../Core/Src/lcd.c:211:13:lcd_sendCmd	16	static
../Core/Src/lcd.c:197:13:lcd_sendData	16	static
../Core/Src/lcd.c:63:6:lcd_clear	0	static
../Core/Src/lcd.c:69:6:lcd_home	8	static
../Core/Src/lcd.c:76:6:lcd_noDisplay	0	static
../Core/Src/lcd.c:83:6:lcd_display	0	static
../Core/Src/lcd.c:27:6:lcd_begin	8	static
../Core/Src/lcd.c:90:6:lcd_noBlink	0	static
../Core/Src/lcd.c:97:6:lcd_blink	0	static
../Core/Src/lcd.c:104:6:lcd_noCursor	0	static
../Core/Src/lcd.c:111:6:lcd_cursor	0	static
../Core/Src/lcd.c:118:6:lcd_scrollDisplayLeft	0	static
../Core/Src/lcd.c:124:6:lcd_scrollDisplayRight	0	static
../Core/Src/lcd.c:130:6:lcd_setCursor	0	static
../Core/Src/lcd.c:144:6:lcd_print	16	static
../Core/Src/lcd.c:151:6:lcd_write	0	static
../Core/Src/lcd.c:157:6:lcd_createChar	16	static
