../Core/Src/main.c:129:5:main	8	static
../Core/Src/main.c:227:6:SystemClock_Config	88	static
../Core/Src/main.c:274:13:MX_TIM2_Init	64	static
../Core/Src/main.c:337:13:MX_GPIO_Init	40	static
../Core/Src/main.c:359:6:read	4	static
../Core/Src/main.c:372:6:StartGripperTask	16	static
../Core/Src/main.c:404:6:StartArtTask	16	static
../Core/Src/main.c:436:6:StopMotorMov	16	static
../Core/Src/main.c:454:6:StartReceiveJetson	16	static
../Core/Src/main.c:511:6:StartEmStop	16	static
../Core/Src/main.c:534:6:StartCheckButton	16	static
../Core/Src/main.c:558:6:StartTransmitJEtson	16	static
../Core/Src/main.c:612:6:HAL_TIM_PeriodElapsedCallback	16	static
../Core/Src/main.c:629:6:Error_Handler	4	static,ignoring_inline_asm
