03:17:40 **** Incremental Build of configuration Debug for project proyecto2_GPIO ****
make -j12 all 
arm-none-eabi-gcc "../Core/Src/main.c" -mcpu=cortex-m4 -std=gnu11 -g3 -DDEBUG -DUSE_HAL_DRIVER -DSTM32F411xE -c -I../Core/Inc -I../Drivers/STM32F4xx_HAL_Driver/Inc -I../Drivers/STM32F4xx_HAL_Driver/Inc/Legacy -I../Drivers/CMSIS/Device/ST/STM32F4xx/Include -I../Drivers/CMSIS/Include -O0 -ffunction-sections -fdata-sections -Wall -fstack-usage -fcyclomatic-complexity -MMD -MP -MF"Core/Src/main.d" -MT"Core/Src/main.o" --specs=nano.specs -mfpu=fpv4-sp-d16 -mfloat-abi=hard -mthumb -o "Core/Src/main.o"
arm-none-eabi-gcc -o "proyecto2_GPIO.elf" @"objects.list"   -mcpu=cortex-m4 -T"C:\Users\mfern\STM32CubeIDE\workspace_1.12.1\proyecto2_GPIO\STM32F411CEUX_FLASH.ld" --specs=nosys.specs -Wl,-Map="proyecto2_GPIO.map" -Wl,--gc-sections -static --specs=nano.specs -mfpu=fpv4-sp-d16 -mfloat-abi=hard -mthumb -Wl,--start-group -lc -lm -Wl,--end-group
Finished building target: proyecto2_GPIO.elf
 
arm-none-eabi-size   proyecto2_GPIO.elf 
arm-none-eabi-objdump -h -S  proyecto2_GPIO.elf  > "proyecto2_GPIO.list"
   text	   data	    bss	    dec	    hex	filename
   6336	     20	   1572	   7928	   1ef8	proyecto2_GPIO.elf
Finished building: default.size.stdout
 
Finished building: proyecto2_GPIO.list
 

03:17:44 Build Finished. 0 errors, 0 warnings. (took 4s.477ms)

